<?xml version="1.0" encoding="utf-8"?><testsuites><testsuite name="pytest" errors="0" failures="0" skipped="0" tests="9" time="0.042" timestamp="2022-04-03T12:48:17.359586" hostname="burritobus.pacific"><testcase classname="tests.test_animals" name="test_should_create_base_animal" time="0.001" /><testcase classname="tests.test_animals" name="test_should_create_base_dog_as_instance_of_animal" time="0.000" /><testcase classname="tests.test_animals" name="test_should_compare_unequal_animal_and_dog" time="0.000" /><testcase classname="tests.test_animals" name="test_should_compare_unequal_two_dogs_with_same_name" time="0.000" /><testcase classname="tests.test_animals" name="test_should_compare_unequal_str_repr_for_animal" time="0.000" /><testcase classname="tests.test_animals" name="test_should_compare_unequal_repr_of_two_instances_of_animal" time="0.000" /><testcase classname="tests.test_animals" name="test_should_report_a_dogs_state" time="0.000" /><testcase classname="tests.test_animals" name="test_should_report_should_report_base_dogs_injuries_as_none" time="0.000" /><testcase classname="tests.test_animals" name="test_should_create_dog_in_non_default_state_with_injuries" time="0.000" /></testsuite></testsuites>